2026-05-28 01:34:38,615 | INFO | Baseline score: 985.110
2026-05-28 01:34:38,619 | INFO | Starting round 1
2026-05-28 01:36:45,118 | INFO | Round 1 proposal: db_config
2026-05-28 01:38:21,521 | INFO | Starting round 2
2026-05-28 01:40:25,244 | INFO | Round 2 proposal: db_config
2026-05-28 01:40:25,252 | INFO | Starting round 3
2026-05-28 01:41:59,939 | INFO | Round 3 proposal: db_config
2026-05-28 01:43:34,738 | INFO | Starting round 4
2026-05-28 01:45:00,986 | INFO | Round 4 proposal: db_config
2026-05-28 01:46:40,411 | INFO | Starting round 5
2026-05-28 01:47:51,696 | INFO | Round 5 proposal: db_config
2026-05-28 01:49:18,042 | INFO | Starting round 6
2026-05-28 01:50:33,382 | INFO | Round 6 proposal: db_config
2026-05-28 01:52:04,995 | INFO | Starting round 7
2026-05-28 01:53:25,813 | INFO | Round 7 proposal: db_config
2026-05-28 01:54:56,629 | INFO | Starting round 8
2026-05-28 01:57:00,505 | INFO | Round 8 proposal: db_config
2026-05-28 01:58:36,824 | INFO | Starting round 9
2026-05-28 01:59:55,424 | INFO | Round 9 proposal: os_config
2026-05-28 02:01:55,071 | INFO | Starting round 10
2026-05-28 02:02:55,490 | INFO | Round 10 proposal: os_config
2026-05-28 02:04:21,565 | INFO | Starting round 11
2026-05-28 02:05:31,260 | INFO | Round 11 proposal: os_control
2026-05-28 02:11:19,657 | INFO | Starting round 12
