2026-05-28 14:32:58,359 | INFO | Baseline score: 60.801
2026-05-28 14:32:58,366 | INFO | Starting round 1
2026-05-28 14:35:05,069 | INFO | Round 1 proposal: db_config
2026-05-28 14:36:43,733 | INFO | Starting round 2
2026-05-28 14:38:33,293 | INFO | Round 2 proposal: db_config
2026-05-28 14:40:10,104 | INFO | Starting round 3
2026-05-28 14:42:04,943 | INFO | Round 3 proposal: db_config
2026-05-28 14:43:34,802 | INFO | Starting round 4
2026-05-28 14:45:27,200 | INFO | Round 4 proposal: db_config
2026-05-28 14:46:57,705 | INFO | Starting round 5
2026-05-28 14:48:42,112 | INFO | Round 5 proposal: db_config
2026-05-28 14:50:26,900 | INFO | Starting round 6
2026-05-28 14:51:32,646 | INFO | Round 6 proposal: db_config
2026-05-28 14:51:32,653 | INFO | Starting round 7
2026-05-28 14:53:28,491 | INFO | Round 7 proposal: db_config
2026-05-28 14:55:08,644 | INFO | Starting round 8
2026-05-28 14:56:16,663 | INFO | Round 8 proposal: os_config
2026-05-28 14:58:21,216 | INFO | Starting round 9
2026-05-28 14:59:16,798 | INFO | Round 9 proposal: os_config
2026-05-28 15:00:42,491 | INFO | Starting round 10
2026-05-28 15:01:50,147 | INFO | Round 10 proposal: os_config
2026-05-28 15:03:14,895 | INFO | Starting round 11
2026-05-28 15:04:07,409 | INFO | Round 11 proposal: os_config
2026-05-28 15:05:32,283 | INFO | Starting round 12
2026-05-28 15:06:38,106 | INFO | Round 12 proposal: os_control
2026-05-28 15:08:07,821 | INFO | Starting round 13
