2026-05-28 00:20:02,527 | INFO | Baseline score: 0.000
2026-05-28 00:20:02,527 | INFO | Starting round 1
2026-05-28 00:21:48,891 | INFO | Round 1 proposal: db_config
2026-05-28 00:25:04,716 | INFO | Starting round 2
2026-05-28 00:27:04,017 | INFO | Round 2 proposal: db_config
2026-05-28 00:30:37,584 | INFO | Starting round 3
2026-05-28 00:32:14,884 | INFO | Round 3 proposal: db_config
2026-05-28 00:35:32,084 | INFO | Starting round 4
2026-05-28 00:39:55,578 | INFO | Round 4 proposal: db_config
2026-05-28 00:43:02,133 | INFO | Starting round 5
2026-05-28 00:44:08,095 | INFO | Round 5 proposal: db_config
2026-05-28 00:47:19,769 | INFO | Starting round 6
2026-05-28 00:48:50,482 | INFO | Round 6 proposal: db_config
2026-05-28 00:52:11,621 | INFO | Starting round 7
2026-05-28 00:53:53,056 | INFO | Round 7 proposal: db_config
2026-05-28 00:57:04,462 | INFO | Starting round 8
2026-05-28 00:58:18,584 | INFO | Round 8 proposal: os_config
2026-05-28 00:58:18,589 | INFO | Starting round 9
2026-05-28 00:59:27,107 | INFO | Round 9 proposal: os_config
2026-05-28 01:02:26,901 | INFO | Starting round 10
2026-05-28 01:03:47,183 | INFO | Round 10 proposal: os_control
2026-05-28 01:06:49,512 | INFO | Starting round 11
2026-05-28 01:07:58,099 | INFO | Round 11 proposal: os_control
2026-05-28 01:10:55,226 | INFO | Starting round 12
