2026-05-16 00:10:38,102 | INFO | Baseline score: 461.242
2026-05-16 00:10:38,106 | INFO | Starting round 1
2026-05-16 00:12:02,074 | INFO | Round 1 proposal: db_config
2026-05-16 00:13:11,580 | INFO | Starting round 2
2026-05-16 00:14:23,272 | INFO | Round 2 proposal: db_config
2026-05-16 00:15:25,134 | INFO | Starting round 3
2026-05-16 00:16:59,940 | INFO | Round 3 proposal: db_config
2026-05-16 00:18:04,443 | INFO | Starting round 4
2026-05-16 00:19:45,791 | INFO | Round 4 proposal: db_config
2026-05-16 00:20:47,770 | INFO | Starting round 5
2026-05-16 00:21:58,772 | INFO | Round 5 proposal: db_config
2026-05-16 00:23:00,682 | INFO | Starting round 6
2026-05-16 00:24:00,869 | INFO | Round 6 proposal: db_config
2026-05-16 00:25:05,376 | INFO | Starting round 7
2026-05-16 00:26:06,182 | INFO | Round 7 proposal: db_config
2026-05-16 00:27:14,421 | INFO | Starting round 8
2026-05-16 00:28:36,006 | INFO | Round 8 proposal: db_config
2026-05-16 00:29:40,524 | INFO | Starting round 9
2026-05-16 00:30:24,987 | INFO | Round 9 proposal: os_config
2026-05-16 00:31:26,778 | INFO | Starting round 10
2026-05-16 00:32:06,086 | INFO | Round 10 proposal: os_config
2026-05-16 00:33:07,439 | INFO | Starting round 11
2026-05-16 00:33:52,063 | INFO | Round 11 proposal: os_control
2026-05-16 00:34:53,583 | INFO | Starting round 12
