2026-05-15 23:32:17,246 | INFO | Baseline score: 95.730
2026-05-15 23:32:17,250 | INFO | Starting round 1
2026-05-15 23:33:51,083 | INFO | Round 1 proposal: db_config
2026-05-15 23:33:51,091 | INFO | Starting round 2
2026-05-15 23:35:38,686 | INFO | Round 2 proposal: db_config
2026-05-15 23:36:43,381 | INFO | Starting round 3
2026-05-15 23:38:26,336 | INFO | Round 3 proposal: db_config
2026-05-15 23:39:55,239 | INFO | Starting round 4
2026-05-15 23:41:24,437 | INFO | Round 4 proposal: db_config
2026-05-15 23:42:38,270 | INFO | Starting round 5
2026-05-15 23:43:43,103 | INFO | Round 5 proposal: db_config
2026-05-15 23:44:59,684 | INFO | Starting round 6
2026-05-15 23:46:16,197 | INFO | Round 6 proposal: os_config
2026-05-15 23:47:18,696 | INFO | Starting round 7
2026-05-15 23:48:18,200 | INFO | Round 7 proposal: os_config
2026-05-15 23:49:19,529 | INFO | Starting round 8
2026-05-15 23:50:29,249 | INFO | Round 8 proposal: os_config
2026-05-15 23:51:30,386 | INFO | Starting round 9
2026-05-15 23:52:38,310 | INFO | Round 9 proposal: os_control
2026-05-15 23:53:40,682 | INFO | Starting round 10
2026-05-15 23:54:31,075 | INFO | Round 10 proposal: os_control
2026-05-15 23:55:32,395 | INFO | Starting round 11
