2026-05-28 13:30:33,855 | INFO | Baseline score: 275.118
2026-05-28 13:30:33,860 | INFO | Starting round 1
2026-05-28 13:32:07,568 | INFO | Round 1 proposal: db_config
2026-05-28 13:33:49,102 | INFO | Starting round 2
2026-05-28 13:35:27,721 | INFO | Round 2 proposal: db_config
2026-05-28 13:37:05,195 | INFO | Starting round 3
2026-05-28 13:38:32,731 | INFO | Round 3 proposal: db_config
2026-05-28 13:40:04,730 | INFO | Starting round 4
2026-05-28 13:41:08,976 | INFO | Round 4 proposal: db_config
2026-05-28 13:42:45,938 | INFO | Starting round 5
2026-05-28 13:44:06,118 | INFO | Round 5 proposal: db_config
2026-05-28 13:45:42,590 | INFO | Starting round 6
2026-05-28 13:46:51,659 | INFO | Round 6 proposal: db_config
2026-05-28 13:48:33,985 | INFO | Starting round 7
2026-05-28 13:49:48,758 | INFO | Round 7 proposal: os_config
2026-05-28 13:51:44,462 | INFO | Starting round 8
2026-05-28 13:52:42,944 | INFO | Round 8 proposal: os_config
2026-05-28 13:54:09,898 | INFO | Starting round 9
2026-05-28 13:55:07,192 | INFO | Round 9 proposal: os_control
2026-05-28 13:56:36,368 | INFO | Starting round 10
