2026-05-16 00:39:42,516 | INFO | Baseline score: 921.610
2026-05-16 00:39:42,517 | INFO | Starting round 1
2026-05-16 00:41:32,932 | INFO | Round 1 proposal: db_config
2026-05-16 00:41:32,939 | INFO | Starting round 2
2026-05-16 00:42:27,446 | INFO | Round 2 proposal: db_config
2026-05-16 00:43:32,220 | INFO | Starting round 3
2026-05-16 00:44:52,694 | INFO | Round 3 proposal: db_config
2026-05-16 00:46:04,184 | INFO | Starting round 4
2026-05-16 00:47:38,100 | INFO | Round 4 proposal: db_config
2026-05-16 00:49:23,460 | INFO | Starting round 5
2026-05-16 00:51:11,680 | INFO | Round 5 proposal: db_config
2026-05-16 00:52:16,418 | INFO | Starting round 6
2026-05-16 00:53:27,888 | INFO | Round 6 proposal: db_config
2026-05-16 00:55:17,400 | INFO | Starting round 7
2026-05-16 00:56:21,433 | INFO | Round 7 proposal: db_config
2026-05-16 00:57:47,792 | INFO | Starting round 8
2026-05-16 00:58:52,560 | INFO | Round 8 proposal: db_config
2026-05-16 01:00:15,627 | INFO | Starting round 9
2026-05-16 01:01:25,089 | INFO | Round 9 proposal: os_config
2026-05-16 01:02:27,446 | INFO | Starting round 10
2026-05-16 01:03:24,268 | INFO | Round 10 proposal: os_config
2026-05-16 01:04:25,463 | INFO | Starting round 11
2026-05-16 01:05:08,730 | INFO | Round 11 proposal: os_config
2026-05-16 01:06:09,851 | INFO | Starting round 12
2026-05-16 01:07:14,038 | INFO | Round 12 proposal: os_control
2026-05-16 01:08:16,566 | INFO | Starting round 13
