2026-05-15 16:41:44,623 | INFO | Baseline score: 34.827
2026-05-15 16:41:44,625 | INFO | Starting round 1
2026-05-15 16:42:49,653 | INFO | Round 1 proposal: db_config
2026-05-15 16:44:13,645 | INFO | Starting round 2
2026-05-15 16:45:51,505 | INFO | Round 2 proposal: db_config
2026-05-15 16:47:20,812 | INFO | Starting round 3
2026-05-15 16:49:07,688 | INFO | Round 3 proposal: db_config
2026-05-15 16:50:37,074 | INFO | Starting round 4
2026-05-15 16:52:03,473 | INFO | Round 4 proposal: db_config
2026-05-15 16:53:28,048 | INFO | Starting round 5
2026-05-15 16:54:57,478 | INFO | Round 5 proposal: db_config
2026-05-15 16:56:29,145 | INFO | Starting round 6
2026-05-15 16:57:33,594 | INFO | Round 6 proposal: db_config
2026-05-15 16:59:05,896 | INFO | Starting round 7
2026-05-15 16:59:56,513 | INFO | Round 7 proposal: db_config
2026-05-15 17:01:32,515 | INFO | Starting round 8
2026-05-15 17:02:34,323 | INFO | Round 8 proposal: os_config
2026-05-15 17:03:57,612 | INFO | Starting round 9
2026-05-15 17:04:50,697 | INFO | Round 9 proposal: os_config
2026-05-15 17:06:14,025 | INFO | Starting round 10
2026-05-15 17:07:01,014 | INFO | Round 10 proposal: os_control
2026-05-15 17:08:24,244 | INFO | Starting round 11
